2026-04-05 15:45:23,614 pipeline.run INFO === JobSearchPipeline starting ===
2026-04-05 15:45:23,624 pipeline.run INFO Pipeline run started: 20260405_204523_621457
2026-04-05 15:45:23,624 pipeline.run INFO Stage 1: scan
2026-04-05 15:45:23,624 pipeline.scanner INFO Starting USAJobs scan (5 keywords × 4 locations)
2026-04-05 15:45:23,929 pipeline.scanner INFO USAJobs 'Program Analyst' @ 'Chicago IL': 7 results
2026-04-05 15:45:23,932 pipeline.scanner INFO   USAJobs 'Program Analyst' @ 'Chicago IL' → 7 new
2026-04-05 15:45:24,216 pipeline.scanner INFO USAJobs 'Program Analyst' @ 'Philadelphia PA': 6 results
2026-04-05 15:45:24,217 pipeline.scanner INFO   USAJobs 'Program Analyst' @ 'Philadelphia PA' → 4 new
2026-04-05 15:45:24,524 pipeline.scanner INFO USAJobs 'Program Analyst' @ 'Fort Lauderdale FL': 2 results
2026-04-05 15:45:24,526 pipeline.scanner INFO   USAJobs 'Program Analyst' @ 'Fort Lauderdale FL' → 0 new
2026-04-05 15:45:25,018 pipeline.scanner INFO USAJobs 'Program Analyst' @ 'Washington DC': 50 results
2026-04-05 15:45:25,027 pipeline.scanner INFO   USAJobs 'Program Analyst' @ 'Washington DC' → 44 new
2026-04-05 15:45:25,235 pipeline.scanner INFO USAJobs 'Contract Specialist' @ 'Chicago IL': 3 results
2026-04-05 15:45:25,237 pipeline.scanner INFO   USAJobs 'Contract Specialist' @ 'Chicago IL' → 3 new
2026-04-05 15:45:25,468 pipeline.scanner INFO USAJobs 'Contract Specialist' @ 'Philadelphia PA': 2 results
2026-04-05 15:45:25,471 pipeline.scanner INFO   USAJobs 'Contract Specialist' @ 'Philadelphia PA' → 0 new
2026-04-05 15:45:25,691 pipeline.scanner INFO USAJobs 'Contract Specialist' @ 'Fort Lauderdale FL': 3 results
2026-04-05 15:45:25,692 pipeline.scanner INFO   USAJobs 'Contract Specialist' @ 'Fort Lauderdale FL' → 2 new
2026-04-05 15:45:26,042 pipeline.scanner INFO USAJobs 'Contract Specialist' @ 'Washington DC': 10 results
2026-04-05 15:45:26,047 pipeline.scanner INFO   USAJobs 'Contract Specialist' @ 'Washington DC' → 8 new
2026-04-05 15:45:26,344 pipeline.scanner INFO USAJobs 'Management Analyst' @ 'Chicago IL': 5 results
2026-04-05 15:45:26,346 pipeline.scanner INFO   USAJobs 'Management Analyst' @ 'Chicago IL' → 1 new
2026-04-05 15:45:26,740 pipeline.scanner INFO USAJobs 'Management Analyst' @ 'Philadelphia PA': 6 results
2026-04-05 15:45:26,742 pipeline.scanner INFO   USAJobs 'Management Analyst' @ 'Philadelphia PA' → 3 new
2026-04-05 15:45:26,899 pipeline.scanner INFO USAJobs 'Management Analyst' @ 'Fort Lauderdale FL': 1 results
2026-04-05 15:45:26,901 pipeline.scanner INFO   USAJobs 'Management Analyst' @ 'Fort Lauderdale FL' → 0 new
2026-04-05 15:45:27,295 pipeline.scanner INFO USAJobs 'Management Analyst' @ 'Washington DC': 50 results
2026-04-05 15:45:27,308 pipeline.scanner INFO   USAJobs 'Management Analyst' @ 'Washington DC' → 21 new
2026-04-05 15:45:27,570 pipeline.scanner INFO USAJobs 'Housing Specialist' @ 'Chicago IL': 3 results
2026-04-05 15:45:27,571 pipeline.scanner INFO   USAJobs 'Housing Specialist' @ 'Chicago IL' → 3 new
2026-04-05 15:45:27,782 pipeline.scanner INFO USAJobs 'Housing Specialist' @ 'Philadelphia PA': 1 results
2026-04-05 15:45:27,784 pipeline.scanner INFO   USAJobs 'Housing Specialist' @ 'Philadelphia PA' → 0 new
2026-04-05 15:45:27,951 pipeline.scanner INFO USAJobs 'Housing Specialist' @ 'Fort Lauderdale FL': 0 results
2026-04-05 15:45:27,952 pipeline.scanner INFO   USAJobs 'Housing Specialist' @ 'Fort Lauderdale FL' → 0 new
2026-04-05 15:45:28,399 pipeline.scanner INFO USAJobs 'Housing Specialist' @ 'Washington DC': 6 results
2026-04-05 15:45:28,402 pipeline.scanner INFO   USAJobs 'Housing Specialist' @ 'Washington DC' → 3 new
2026-04-05 15:45:28,697 pipeline.scanner INFO USAJobs 'Policy Analyst' @ 'Chicago IL': 5 results
2026-04-05 15:45:28,700 pipeline.scanner INFO   USAJobs 'Policy Analyst' @ 'Chicago IL' → 1 new
2026-04-05 15:45:28,844 pipeline.scanner INFO USAJobs 'Policy Analyst' @ 'Philadelphia PA': 0 results
2026-04-05 15:45:28,846 pipeline.scanner INFO   USAJobs 'Policy Analyst' @ 'Philadelphia PA' → 0 new
2026-04-05 15:45:29,018 pipeline.scanner INFO USAJobs 'Policy Analyst' @ 'Fort Lauderdale FL': 0 results
2026-04-05 15:45:29,021 pipeline.scanner INFO   USAJobs 'Policy Analyst' @ 'Fort Lauderdale FL' → 0 new
2026-04-05 15:45:29,358 pipeline.scanner INFO USAJobs 'Policy Analyst' @ 'Washington DC': 31 results
2026-04-05 15:45:29,371 pipeline.scanner INFO   USAJobs 'Policy Analyst' @ 'Washington DC' → 15 new
2026-04-05 15:45:29,371 pipeline.scanner INFO Starting Indeed/Apify scan (5 keywords × 4 locations)
2026-04-05 15:45:29,638 pipeline.scanner ERROR Apify run start failed for 'Program Analyst' / 'Chicago IL': 403 Client Error: Forbidden for url: https://api.apify.com/v2/acts/valig~indeed-jobs-scraper/runs?token=apify_api_gsWqk6S1VFjB8rc7lCw5bjC4BGHd9m3EF09y
2026-04-05 15:45:29,639 pipeline.scanner INFO   Indeed 'Program Analyst' @ 'Chicago IL' → 0 new
2026-04-05 15:45:29,824 pipeline.scanner ERROR Apify run start failed for 'Program Analyst' / 'Philadelphia PA': 403 Client Error: Forbidden for url: https://api.apify.com/v2/acts/valig~indeed-jobs-scraper/runs?token=apify_api_gsWqk6S1VFjB8rc7lCw5bjC4BGHd9m3EF09y
2026-04-05 15:45:29,825 pipeline.scanner INFO   Indeed 'Program Analyst' @ 'Philadelphia PA' → 0 new
2026-04-05 15:45:30,005 pipeline.scanner ERROR Apify run start failed for 'Program Analyst' / 'Fort Lauderdale FL': 403 Client Error: Forbidden for url: https://api.apify.com/v2/acts/valig~indeed-jobs-scraper/runs?token=apify_api_gsWqk6S1VFjB8rc7lCw5bjC4BGHd9m3EF09y
2026-04-05 15:45:30,007 pipeline.scanner INFO   Indeed 'Program Analyst' @ 'Fort Lauderdale FL' → 0 new
2026-04-05 15:45:30,261 pipeline.scanner ERROR Apify run start failed for 'Program Analyst' / 'Washington DC': 403 Client Error: Forbidden for url: https://api.apify.com/v2/acts/valig~indeed-jobs-scraper/runs?token=apify_api_gsWqk6S1VFjB8rc7lCw5bjC4BGHd9m3EF09y
2026-04-05 15:45:30,263 pipeline.scanner INFO   Indeed 'Program Analyst' @ 'Washington DC' → 0 new
2026-04-05 15:45:30,433 pipeline.scanner ERROR Apify run start failed for 'Program Manager' / 'Chicago IL': 403 Client Error: Forbidden for url: https://api.apify.com/v2/acts/valig~indeed-jobs-scraper/runs?token=apify_api_gsWqk6S1VFjB8rc7lCw5bjC4BGHd9m3EF09y
2026-04-05 15:45:30,434 pipeline.scanner INFO   Indeed 'Program Manager' @ 'Chicago IL' → 0 new
2026-04-05 15:45:30,688 pipeline.scanner ERROR Apify run start failed for 'Program Manager' / 'Philadelphia PA': 403 Client Error: Forbidden for url: https://api.apify.com/v2/acts/valig~indeed-jobs-scraper/runs?token=apify_api_gsWqk6S1VFjB8rc7lCw5bjC4BGHd9m3EF09y
2026-04-05 15:45:30,689 pipeline.scanner INFO   Indeed 'Program Manager' @ 'Philadelphia PA' → 0 new
2026-04-05 15:45:30,874 pipeline.scanner ERROR Apify run start failed for 'Program Manager' / 'Fort Lauderdale FL': 403 Client Error: Forbidden for url: https://api.apify.com/v2/acts/valig~indeed-jobs-scraper/runs?token=apify_api_gsWqk6S1VFjB8rc7lCw5bjC4BGHd9m3EF09y
2026-04-05 15:45:30,875 pipeline.scanner INFO   Indeed 'Program Manager' @ 'Fort Lauderdale FL' → 0 new
2026-04-05 15:45:31,035 pipeline.scanner ERROR Apify run start failed for 'Program Manager' / 'Washington DC': 403 Client Error: Forbidden for url: https://api.apify.com/v2/acts/valig~indeed-jobs-scraper/runs?token=apify_api_gsWqk6S1VFjB8rc7lCw5bjC4BGHd9m3EF09y
2026-04-05 15:45:31,037 pipeline.scanner INFO   Indeed 'Program Manager' @ 'Washington DC' → 0 new
2026-04-05 15:45:31,290 pipeline.scanner ERROR Apify run start failed for 'Contract Specialist' / 'Chicago IL': 403 Client Error: Forbidden for url: https://api.apify.com/v2/acts/valig~indeed-jobs-scraper/runs?token=apify_api_gsWqk6S1VFjB8rc7lCw5bjC4BGHd9m3EF09y
2026-04-05 15:45:31,292 pipeline.scanner INFO   Indeed 'Contract Specialist' @ 'Chicago IL' → 0 new
2026-04-05 15:45:31,452 pipeline.scanner ERROR Apify run start failed for 'Contract Specialist' / 'Philadelphia PA': 403 Client Error: Forbidden for url: https://api.apify.com/v2/acts/valig~indeed-jobs-scraper/runs?token=apify_api_gsWqk6S1VFjB8rc7lCw5bjC4BGHd9m3EF09y
2026-04-05 15:45:31,455 pipeline.scanner INFO   Indeed 'Contract Specialist' @ 'Philadelphia PA' → 0 new
2026-04-05 15:45:31,635 pipeline.scanner ERROR Apify run start failed for 'Contract Specialist' / 'Fort Lauderdale FL': 403 Client Error: Forbidden for url: https://api.apify.com/v2/acts/valig~indeed-jobs-scraper/runs?token=apify_api_gsWqk6S1VFjB8rc7lCw5bjC4BGHd9m3EF09y
2026-04-05 15:45:31,637 pipeline.scanner INFO   Indeed 'Contract Specialist' @ 'Fort Lauderdale FL' → 0 new
2026-04-05 15:45:31,899 pipeline.scanner ERROR Apify run start failed for 'Contract Specialist' / 'Washington DC': 403 Client Error: Forbidden for url: https://api.apify.com/v2/acts/valig~indeed-jobs-scraper/runs?token=apify_api_gsWqk6S1VFjB8rc7lCw5bjC4BGHd9m3EF09y
2026-04-05 15:45:31,900 pipeline.scanner INFO   Indeed 'Contract Specialist' @ 'Washington DC' → 0 new
2026-04-05 15:45:32,160 pipeline.scanner ERROR Apify run start failed for 'Government Affairs' / 'Chicago IL': 403 Client Error: Forbidden for url: https://api.apify.com/v2/acts/valig~indeed-jobs-scraper/runs?token=apify_api_gsWqk6S1VFjB8rc7lCw5bjC4BGHd9m3EF09y
2026-04-05 15:45:32,161 pipeline.scanner INFO   Indeed 'Government Affairs' @ 'Chicago IL' → 0 new
2026-04-05 15:45:32,422 pipeline.scanner ERROR Apify run start failed for 'Government Affairs' / 'Philadelphia PA': 403 Client Error: Forbidden for url: https://api.apify.com/v2/acts/valig~indeed-jobs-scraper/runs?token=apify_api_gsWqk6S1VFjB8rc7lCw5bjC4BGHd9m3EF09y
2026-04-05 15:45:32,423 pipeline.scanner INFO   Indeed 'Government Affairs' @ 'Philadelphia PA' → 0 new
2026-04-05 15:45:32,598 pipeline.scanner ERROR Apify run start failed for 'Government Affairs' / 'Fort Lauderdale FL': 403 Client Error: Forbidden for url: https://api.apify.com/v2/acts/valig~indeed-jobs-scraper/runs?token=apify_api_gsWqk6S1VFjB8rc7lCw5bjC4BGHd9m3EF09y
2026-04-05 15:45:32,600 pipeline.scanner INFO   Indeed 'Government Affairs' @ 'Fort Lauderdale FL' → 0 new
2026-04-05 15:45:32,872 pipeline.scanner ERROR Apify run start failed for 'Government Affairs' / 'Washington DC': 403 Client Error: Forbidden for url: https://api.apify.com/v2/acts/valig~indeed-jobs-scraper/runs?token=apify_api_gsWqk6S1VFjB8rc7lCw5bjC4BGHd9m3EF09y
2026-04-05 15:45:32,874 pipeline.scanner INFO   Indeed 'Government Affairs' @ 'Washington DC' → 0 new
2026-04-05 15:45:33,054 pipeline.scanner ERROR Apify run start failed for 'Policy Director' / 'Chicago IL': 403 Client Error: Forbidden for url: https://api.apify.com/v2/acts/valig~indeed-jobs-scraper/runs?token=apify_api_gsWqk6S1VFjB8rc7lCw5bjC4BGHd9m3EF09y
2026-04-05 15:45:33,056 pipeline.scanner INFO   Indeed 'Policy Director' @ 'Chicago IL' → 0 new
2026-04-05 15:45:33,310 pipeline.scanner ERROR Apify run start failed for 'Policy Director' / 'Philadelphia PA': 403 Client Error: Forbidden for url: https://api.apify.com/v2/acts/valig~indeed-jobs-scraper/runs?token=apify_api_gsWqk6S1VFjB8rc7lCw5bjC4BGHd9m3EF09y
2026-04-05 15:45:33,313 pipeline.scanner INFO   Indeed 'Policy Director' @ 'Philadelphia PA' → 0 new
2026-04-05 15:45:33,521 pipeline.scanner ERROR Apify run start failed for 'Policy Director' / 'Fort Lauderdale FL': 403 Client Error: Forbidden for url: https://api.apify.com/v2/acts/valig~indeed-jobs-scraper/runs?token=apify_api_gsWqk6S1VFjB8rc7lCw5bjC4BGHd9m3EF09y
2026-04-05 15:45:33,522 pipeline.scanner INFO   Indeed 'Policy Director' @ 'Fort Lauderdale FL' → 0 new
2026-04-05 15:45:33,696 pipeline.scanner ERROR Apify run start failed for 'Policy Director' / 'Washington DC': 403 Client Error: Forbidden for url: https://api.apify.com/v2/acts/valig~indeed-jobs-scraper/runs?token=apify_api_gsWqk6S1VFjB8rc7lCw5bjC4BGHd9m3EF09y
2026-04-05 15:45:33,697 pipeline.scanner INFO   Indeed 'Policy Director' @ 'Washington DC' → 0 new
2026-04-05 15:45:33,697 pipeline.scanner INFO Scan complete — 115 new jobs saved total
2026-04-05 15:45:33,699 pipeline.run INFO Stage 1 complete — 115 new jobs found
2026-04-05 15:45:33,699 pipeline.run INFO Stage 2: research
2026-04-05 15:45:33,702 pipeline.run INFO Stage 2 complete — 10 jobs researched
2026-04-05 15:45:33,702 pipeline.run INFO Stage 3: prepare
2026-04-05 15:45:33,716 pipeline.run INFO Stage 3 complete — 10 jobs prepared
2026-04-05 15:45:33,717 pipeline.run INFO Stage 4: network
2026-04-05 15:45:33,717 pipeline.run INFO Stage 4 complete
2026-04-05 15:45:33,717 pipeline.run INFO Building email digest
2026-04-05 15:45:33,718 pipeline.emailer WARNING Email credentials not configured — skipping digest send
2026-04-05 15:45:33,718 pipeline.run WARNING Digest email not sent (credentials missing or SMTP error)
2026-04-05 15:45:33,718 pipeline.run INFO === Pipeline complete — run_id: 20260405_204523_621457 ===
